[
  {
    "run_dir": "/home/sunward/tmp-ttt/experiments/dual_lora_novelty_20260902/formal/f2p_only_seed42",
    "novelty_mode": "off",
    "negative_selection": "uniform_without_replacement_from_fifo_occurrences",
    "novelty_strength_mode": "absolute",
    "novelty_lr": 5e-06,
    "lambda0": 0.0,
    "seed": 42,
    "steps": 500,
    "f2p_updates": 100,
    "novelty_updates": 0,
    "unique_actions": 159,
    "exact_repeat_rate": 0.6819999999999999,
    "local_25_repeat_rate": 0.548,
    "early_steps": 350,
    "early_unique_actions": 128,
    "early_exact_repeat_rate": 0.6342857142857143,
    "late_steps": 150,
    "late_reward_total": 17.0,
    "late_productive_reward": 15.0,
    "invalid_rate": 0.068,
    "reward_total": 35.0,
    "productive_reward_total": 29.0,
    "death_total": 6.0,
    "scores": {
      "unique_kill": 5.0,
      "kill": 21.0,
      "craft": 0.0,
      "exploration": 2.0,
      "death": 6.0,
      "trade": 0.0,
      "quest": 1.0,
      "side_quest": 0.0
    },
    "mean_f2p_loss": 0.1920752469701693,
    "mean_novelty_loss": null,
    "mean_negative_logprob_change": null,
    "mean_relative_applied_strength": null,
    "mean_counterfactual_applied_minus_task": null,
    "mean_counterfactual_applied_update_change": null,
    "mean_novelty_update_seconds": null,
    "max_relative_fixed_norm_error": null
  },
  {
    "run_dir": "/home/sunward/tmp-ttt/experiments/dual_lora_novelty_20260902/formal/learned_fixed_constant_seed42",
    "novelty_mode": "learned_fixed_constant",
    "negative_selection": "uniform_without_replacement_from_fifo_occurrences",
    "novelty_strength_mode": "absolute",
    "novelty_lr": 5e-06,
    "lambda0": 0.25,
    "seed": 42,
    "steps": 500,
    "f2p_updates": 100,
    "novelty_updates": 99,
    "unique_actions": 157,
    "exact_repeat_rate": 0.6859999999999999,
    "local_25_repeat_rate": 0.546,
    "early_steps": 350,
    "early_unique_actions": 129,
    "early_exact_repeat_rate": 0.6314285714285715,
    "late_steps": 150,
    "late_reward_total": 17.0,
    "late_productive_reward": 15.0,
    "invalid_rate": 0.042,
    "reward_total": 37.0,
    "productive_reward_total": 30.0,
    "death_total": 7.0,
    "scores": {
      "unique_kill": 6.0,
      "kill": 19.0,
      "craft": 1.0,
      "exploration": 2.0,
      "death": 7.0,
      "trade": 0.0,
      "quest": 1.0,
      "side_quest": 1.0
    },
    "mean_f2p_loss": 0.19002324034227067,
    "mean_novelty_loss": -8.852886319679746,
    "mean_negative_logprob_change": -0.029974003459769027,
    "mean_relative_applied_strength": null,
    "mean_counterfactual_applied_minus_task": null,
    "mean_counterfactual_applied_update_change": null,
    "mean_novelty_update_seconds": null,
    "max_relative_fixed_norm_error": 6.476885291770728e-07
  },
  {
    "run_dir": "/home/sunward/tmp-ttt/experiments/dual_lora_novelty_20260902/formal/learned_fixed_cosine_seed42",
    "novelty_mode": "learned_fixed_cosine",
    "negative_selection": "uniform_without_replacement_from_fifo_occurrences",
    "novelty_strength_mode": "absolute",
    "novelty_lr": 5e-06,
    "lambda0": 0.25,
    "seed": 42,
    "steps": 500,
    "f2p_updates": 100,
    "novelty_updates": 69,
    "unique_actions": 146,
    "exact_repeat_rate": 0.708,
    "local_25_repeat_rate": 0.554,
    "early_steps": 350,
    "early_unique_actions": 116,
    "early_exact_repeat_rate": 0.6685714285714286,
    "late_steps": 150,
    "late_reward_total": 12.0,
    "late_productive_reward": 8.0,
    "invalid_rate": 0.024,
    "reward_total": 35.0,
    "productive_reward_total": 23.0,
    "death_total": 12.0,
    "scores": {
      "unique_kill": 4.0,
      "kill": 12.0,
      "craft": 1.0,
      "exploration": 2.0,
      "death": 12.0,
      "trade": 0.0,
      "quest": 1.0,
      "side_quest": 3.0
    },
    "mean_f2p_loss": 0.19948548833513643,
    "mean_novelty_loss": -10.168046211505281,
    "mean_negative_logprob_change": -0.03029746948808863,
    "mean_relative_applied_strength": null,
    "mean_counterfactual_applied_minus_task": null,
    "mean_counterfactual_applied_update_change": null,
    "mean_novelty_update_seconds": null,
    "max_relative_fixed_norm_error": 2.8786034628016427e-07
  },
  {
    "run_dir": "/home/sunward/tmp-ttt/experiments/dual_lora_novelty_20260902/formal/learned_unconstrained_cosine_seed42",
    "novelty_mode": "learned_unconstrained_cosine",
    "negative_selection": "uniform_without_replacement_from_fifo_occurrences",
    "novelty_strength_mode": "absolute",
    "novelty_lr": 5e-06,
    "lambda0": 0.25,
    "seed": 42,
    "steps": 500,
    "f2p_updates": 100,
    "novelty_updates": 69,
    "unique_actions": 168,
    "exact_repeat_rate": 0.6639999999999999,
    "local_25_repeat_rate": 0.486,
    "early_steps": 350,
    "early_unique_actions": 126,
    "early_exact_repeat_rate": 0.64,
    "late_steps": 150,
    "late_reward_total": 6.0,
    "late_productive_reward": 3.0,
    "invalid_rate": 0.046,
    "reward_total": 30.0,
    "productive_reward_total": 20.0,
    "death_total": 10.0,
    "scores": {
      "unique_kill": 4.0,
      "kill": 12.0,
      "craft": 0.0,
      "exploration": 2.0,
      "death": 10.0,
      "trade": 0.0,
      "quest": 1.0,
      "side_quest": 1.0
    },
    "mean_f2p_loss": 0.20031928343669292,
    "mean_novelty_loss": -11.147327274170475,
    "mean_negative_logprob_change": -0.11654769372249009,
    "mean_relative_applied_strength": null,
    "mean_counterfactual_applied_minus_task": null,
    "mean_counterfactual_applied_update_change": null,
    "mean_novelty_update_seconds": null,
    "max_relative_fixed_norm_error": 20.163107774978744
  },
  {
    "run_dir": "/home/sunward/tmp-ttt/experiments/dual_lora_novelty_20260902/formal/random_fixed_cosine_seed42",
    "novelty_mode": "random_fixed_cosine",
    "negative_selection": "uniform_without_replacement_from_fifo_occurrences",
    "novelty_strength_mode": "absolute",
    "novelty_lr": 5e-06,
    "lambda0": 0.25,
    "seed": 42,
    "steps": 500,
    "f2p_updates": 100,
    "novelty_updates": 69,
    "unique_actions": 149,
    "exact_repeat_rate": 0.702,
    "local_25_repeat_rate": 0.54,
    "early_steps": 350,
    "early_unique_actions": 115,
    "early_exact_repeat_rate": 0.6714285714285715,
    "late_steps": 150,
    "late_reward_total": 6.0,
    "late_productive_reward": 2.0,
    "invalid_rate": 0.044,
    "reward_total": 29.0,
    "productive_reward_total": 16.0,
    "death_total": 13.0,
    "scores": {
      "unique_kill": 3.0,
      "kill": 8.0,
      "craft": 1.0,
      "exploration": 2.0,
      "death": 13.0,
      "trade": 0.0,
      "quest": 1.0,
      "side_quest": 1.0
    },
    "mean_f2p_loss": 0.20357756479256195,
    "mean_novelty_loss": null,
    "mean_negative_logprob_change": 0.0002145628998245018,
    "mean_relative_applied_strength": null,
    "mean_counterfactual_applied_minus_task": null,
    "mean_counterfactual_applied_update_change": null,
    "mean_novelty_update_seconds": null,
    "max_relative_fixed_norm_error": 7.196511764389659e-08
  }
]
