[
  {
    "run_dir": "/home/sunward/tmp-ttt/experiments/dual_lora_novelty_20260902/pilot/f2p_only",
    "novelty_mode": "off",
    "novelty_lr": 5e-06,
    "lambda0": 0.0,
    "seed": 42,
    "steps": 200,
    "f2p_updates": 40,
    "novelty_updates": 0,
    "unique_actions": 73,
    "exact_repeat_rate": 0.635,
    "early_steps": 140,
    "early_unique_actions": 65,
    "early_exact_repeat_rate": 0.5357142857142857,
    "late_steps": 60,
    "late_reward_total": 1.0,
    "late_productive_reward": 0.0,
    "invalid_rate": 0.05,
    "reward_total": 10.0,
    "productive_reward_total": 6.0,
    "death_total": 4.0,
    "scores": {
      "unique_kill": 1.0,
      "kill": 1.0,
      "craft": 0.0,
      "exploration": 2.0,
      "death": 4.0,
      "trade": 0.0,
      "quest": 1.0,
      "side_quest": 1.0
    },
    "mean_f2p_loss": 0.3665012723952532,
    "mean_novelty_loss": null,
    "mean_negative_logprob_change": null,
    "max_relative_fixed_norm_error": null
  },
  {
    "run_dir": "/home/sunward/tmp-ttt/experiments/dual_lora_novelty_20260902/pilot/fixed_cosine_lr2.5e-6_l0.25",
    "novelty_mode": "learned_fixed_cosine",
    "novelty_lr": 2.5e-06,
    "lambda0": 0.25,
    "seed": 42,
    "steps": 200,
    "f2p_updates": 40,
    "novelty_updates": 27,
    "unique_actions": 78,
    "exact_repeat_rate": 0.61,
    "early_steps": 140,
    "early_unique_actions": 67,
    "early_exact_repeat_rate": 0.5214285714285714,
    "late_steps": 60,
    "late_reward_total": 2.0,
    "late_productive_reward": 0.0,
    "invalid_rate": 0.17,
    "reward_total": 10.0,
    "productive_reward_total": 5.0,
    "death_total": 5.0,
    "scores": {
      "unique_kill": 1.0,
      "kill": 1.0,
      "craft": 0.0,
      "exploration": 2.0,
      "death": 5.0,
      "trade": 0.0,
      "quest": 1.0,
      "side_quest": 0.0
    },
    "mean_f2p_loss": 0.40981446616351613,
    "mean_novelty_loss": -19.84674223617271,
    "mean_negative_logprob_change": -0.014838126853660018,
    "max_relative_fixed_norm_error": 3.598248372692173e-07
  },
  {
    "run_dir": "/home/sunward/tmp-ttt/experiments/dual_lora_novelty_20260902/pilot/fixed_cosine_lr2.5e-6_l0.5",
    "novelty_mode": "learned_fixed_cosine",
    "novelty_lr": 2.5e-06,
    "lambda0": 0.5,
    "seed": 42,
    "steps": 200,
    "f2p_updates": 40,
    "novelty_updates": 27,
    "unique_actions": 64,
    "exact_repeat_rate": 0.6799999999999999,
    "early_steps": 140,
    "early_unique_actions": 55,
    "early_exact_repeat_rate": 0.6071428571428572,
    "late_steps": 60,
    "late_reward_total": 4.0,
    "late_productive_reward": 3.0,
    "invalid_rate": 0.11,
    "reward_total": 7.0,
    "productive_reward_total": 4.0,
    "death_total": 3.0,
    "scores": {
      "unique_kill": 0.0,
      "kill": 0.0,
      "craft": 1.0,
      "exploration": 2.0,
      "death": 3.0,
      "trade": 0.0,
      "quest": 1.0,
      "side_quest": 0.0
    },
    "mean_f2p_loss": 0.38800738018006087,
    "mean_novelty_loss": -18.559705278608533,
    "mean_negative_logprob_change": -0.006555797435619305,
    "max_relative_fixed_norm_error": 2.8786274934401476e-07
  },
  {
    "run_dir": "/home/sunward/tmp-ttt/experiments/dual_lora_novelty_20260902/pilot/fixed_cosine_lr2.5e-6_l1.0",
    "novelty_mode": "learned_fixed_cosine",
    "novelty_lr": 2.5e-06,
    "lambda0": 1.0,
    "seed": 42,
    "steps": 200,
    "f2p_updates": 40,
    "novelty_updates": 27,
    "unique_actions": 77,
    "exact_repeat_rate": 0.615,
    "early_steps": 140,
    "early_unique_actions": 61,
    "early_exact_repeat_rate": 0.5642857142857143,
    "late_steps": 60,
    "late_reward_total": 7.0,
    "late_productive_reward": 6.0,
    "invalid_rate": 0.035,
    "reward_total": 12.0,
    "productive_reward_total": 9.0,
    "death_total": 3.0,
    "scores": {
      "unique_kill": 2.0,
      "kill": 2.0,
      "craft": 0.0,
      "exploration": 2.0,
      "death": 3.0,
      "trade": 0.0,
      "quest": 1.0,
      "side_quest": 2.0
    },
    "mean_f2p_loss": 0.3682558470219375,
    "mean_novelty_loss": -17.577262041303847,
    "mean_negative_logprob_change": -0.013880885088885745,
    "max_relative_fixed_norm_error": 2.8785966265726133e-07
  },
  {
    "run_dir": "/home/sunward/tmp-ttt/experiments/dual_lora_novelty_20260902/pilot/fixed_cosine_lr5e-6_l0.25",
    "novelty_mode": "learned_fixed_cosine",
    "novelty_lr": 5e-06,
    "lambda0": 0.25,
    "seed": 42,
    "steps": 200,
    "f2p_updates": 40,
    "novelty_updates": 27,
    "unique_actions": 87,
    "exact_repeat_rate": 0.565,
    "early_steps": 140,
    "early_unique_actions": 69,
    "early_exact_repeat_rate": 0.5071428571428571,
    "late_steps": 60,
    "late_reward_total": 3.0,
    "late_productive_reward": 3.0,
    "invalid_rate": 0.07,
    "reward_total": 11.0,
    "productive_reward_total": 9.0,
    "death_total": 2.0,
    "scores": {
      "unique_kill": 1.0,
      "kill": 6.0,
      "craft": 0.0,
      "exploration": 1.0,
      "death": 2.0,
      "trade": 0.0,
      "quest": 1.0,
      "side_quest": 0.0
    },
    "mean_f2p_loss": 0.3547813487425447,
    "mean_novelty_loss": -14.51191636014868,
    "mean_negative_logprob_change": -0.015072695414225372,
    "max_relative_fixed_norm_error": 2.878595797940998e-07
  },
  {
    "run_dir": "/home/sunward/tmp-ttt/experiments/dual_lora_novelty_20260902/pilot/fixed_cosine_lr5e-6_l0.5",
    "novelty_mode": "learned_fixed_cosine",
    "novelty_lr": 5e-06,
    "lambda0": 0.5,
    "seed": 42,
    "steps": 200,
    "f2p_updates": 40,
    "novelty_updates": 27,
    "unique_actions": 69,
    "exact_repeat_rate": 0.655,
    "early_steps": 140,
    "early_unique_actions": 53,
    "early_exact_repeat_rate": 0.6214285714285714,
    "late_steps": 60,
    "late_reward_total": 8.0,
    "late_productive_reward": 6.0,
    "invalid_rate": 0.15,
    "reward_total": 10.0,
    "productive_reward_total": 7.0,
    "death_total": 3.0,
    "scores": {
      "unique_kill": 2.0,
      "kill": 2.0,
      "craft": 0.0,
      "exploration": 2.0,
      "death": 3.0,
      "trade": 0.0,
      "quest": 1.0,
      "side_quest": 0.0
    },
    "mean_f2p_loss": 0.3881764047220349,
    "mean_novelty_loss": -17.575247871434247,
    "mean_negative_logprob_change": -0.02051045099894203,
    "max_relative_fixed_norm_error": 3.5982558821948296e-07
  },
  {
    "run_dir": "/home/sunward/tmp-ttt/experiments/dual_lora_novelty_20260902/pilot/fixed_cosine_lr5e-6_l1.0",
    "novelty_mode": "learned_fixed_cosine",
    "novelty_lr": 5e-06,
    "lambda0": 1.0,
    "seed": 42,
    "steps": 200,
    "f2p_updates": 40,
    "novelty_updates": 27,
    "unique_actions": 75,
    "exact_repeat_rate": 0.625,
    "early_steps": 140,
    "early_unique_actions": 58,
    "early_exact_repeat_rate": 0.5857142857142856,
    "late_steps": 60,
    "late_reward_total": 3.0,
    "late_productive_reward": 2.0,
    "invalid_rate": 0.04,
    "reward_total": 8.0,
    "productive_reward_total": 3.0,
    "death_total": 5.0,
    "scores": {
      "unique_kill": 1.0,
      "kill": 1.0,
      "craft": 0.0,
      "exploration": 1.0,
      "death": 5.0,
      "trade": 0.0,
      "quest": 0.0,
      "side_quest": 0.0
    },
    "mean_f2p_loss": 0.35147972650825976,
    "mean_novelty_loss": -14.50381532775031,
    "mean_negative_logprob_change": -0.01580211586422393,
    "max_relative_fixed_norm_error": 2.878604498596752e-07
  }
]
